c:\cicitekperformancecenter\build\cicitekperformancecenter.dir\debug\vc145.pdb
c:\cicitekperformancecenter\build\cicitekperformancecenter.dir\debug\temperature.obj
c:\cicitekperformancecenter\build\cicitekperformancecenter.dir\debug\monitoring.obj
c:\cicitekperformancecenter\build\cicitekperformancecenter.dir\debug\network.obj
c:\cicitekperformancecenter\build\cicitekperformancecenter.dir\debug\disk.obj
c:\cicitekperformancecenter\build\cicitekperformancecenter.dir\debug\gpu.obj
c:\cicitekperformancecenter\build\cicitekperformancecenter.dir\debug\system.obj
c:\cicitekperformancecenter\build\cicitekperformancecenter.dir\debug\ram.obj
c:\cicitekperformancecenter\build\cicitekperformancecenter.dir\debug\cpu.obj
c:\cicitekperformancecenter\build\cicitekperformancecenter.dir\debug\main.obj
c:\cicitekperformancecenter\build\cmakefiles\generate.stamp
c:\cicitekperformancecenter\build\debug\cicitekperformancecenter.exe
c:\cicitekperformancecenter\build\debug\cicitekperformancecenter.pdb
c:\cicitekperformancecenter\build\cicitekperformancecenter.dir\debug\cicitekperformancecenter.ilk
c:\cicitekperformancecenter\build\cicitekperformancecenter.dir\debug\cicitekp.28843b3f.tlog\cl.command.1.tlog
c:\cicitekperformancecenter\build\cicitekperformancecenter.dir\debug\cicitekp.28843b3f.tlog\cl.items.tlog
c:\cicitekperformancecenter\build\cicitekperformancecenter.dir\debug\cicitekp.28843b3f.tlog\cl.read.1.tlog
c:\cicitekperformancecenter\build\cicitekperformancecenter.dir\debug\cicitekp.28843b3f.tlog\cl.write.1.tlog
c:\cicitekperformancecenter\build\cicitekperformancecenter.dir\debug\cicitekp.28843b3f.tlog\custombuild.command.1.tlog
c:\cicitekperformancecenter\build\cicitekperformancecenter.dir\debug\cicitekp.28843b3f.tlog\custombuild.read.1.tlog
c:\cicitekperformancecenter\build\cicitekperformancecenter.dir\debug\cicitekp.28843b3f.tlog\custombuild.write.1.tlog
c:\cicitekperformancecenter\build\cicitekperformancecenter.dir\debug\cicitekp.28843b3f.tlog\link.command.1.tlog
c:\cicitekperformancecenter\build\cicitekperformancecenter.dir\debug\cicitekp.28843b3f.tlog\link.read.1.tlog
c:\cicitekperformancecenter\build\cicitekperformancecenter.dir\debug\cicitekp.28843b3f.tlog\link.secondary.1.tlog
c:\cicitekperformancecenter\build\cicitekperformancecenter.dir\debug\cicitekp.28843b3f.tlog\link.write.1.tlog
